postgres-1  | ********************************************************************************
postgres-1  | WARNING: POSTGRES_HOST_AUTH_METHOD has been set to "trust". This will allow
postgres-1  |          anyone with access to the Postgres port to access your database without
postgres-1  |          a password, even if POSTGRES_PASSWORD is set. See PostgreSQL
postgres-1  |          documentation about "trust":
postgres-1  |          https://www.postgresql.org/docs/current/auth-trust.html
postgres-1  |          In Docker's default configuration, this is effectively any other
postgres-1  |          container on the same system.
postgres-1  | 
postgres-1  |          It is not recommended to use POSTGRES_HOST_AUTH_METHOD=trust. Replace
postgres-1  |          it with "-e POSTGRES_PASSWORD=password" instead to set a password in
postgres-1  |          "docker run".
postgres-1  | ********************************************************************************
postgres-1  | The files belonging to this database system will be owned by user "postgres".
postgres-1  | This user must also own the server process.
postgres-1  | 
postgres-1  | The database cluster will be initialized with locale "en_US.utf8".
postgres-1  | The default database encoding has accordingly been set to "UTF8".
postgres-1  | The default text search configuration will be set to "english".
postgres-1  | 
postgres-1  | Data page checksums are disabled.
postgres-1  | 
postgres-1  | fixing permissions on existing directory /var/lib/postgresql/data ... ok
postgres-1  | creating subdirectories ... ok
postgres-1  | selecting dynamic shared memory implementation ... posix
postgres-1  | selecting default "max_connections" ... 100
postgres-1  | selecting default "shared_buffers" ... 128MB
postgres-1  | selecting default time zone ... UTC
postgres-1  | creating configuration files ... ok
postgres-1  | running bootstrap script ... ok
postgres-1  | sh: locale: not found
postgres-1  | 2026-09-28 21:47:06.756 UTC [37] WARNING:  no usable system locales were found
postgres-1  | performing post-bootstrap initialization ... ok
postgres-1  | syncing data to disk ... ok
postgres-1  | 
postgres-1  | 
postgres-1  | Success. You can now start the database server using:
postgres-1  | 
postgres-1  |     pg_ctl -D /var/lib/postgresql/data -l logfile start
postgres-1  | 
postgres-1  | initdb: warning: enabling "trust" authentication for local connections
postgres-1  | initdb: hint: You can change this by editing pg_hba.conf or using the option -A, or --auth-local and --auth-host, the next time you run initdb.
postgres-1  | waiting for server to start....2026-09-28 21:47:07.457 UTC [43] LOG:  starting PostgreSQL 17.11 on x86_64-pc-linux-musl, compiled by gcc (Alpine 15.2.0) 15.2.0, 64-bit
postgres-1  | 2026-09-28 21:47:07.468 UTC [43] LOG:  listening on Unix socket "/var/run/postgresql/.s.PGSQL.5432"
postgres-1  | 2026-09-28 21:47:07.474 UTC [46] LOG:  database system was shut down at 2026-09-28 21:47:07 UTC
postgres-1  | 2026-09-28 21:47:07.481 UTC [43] LOG:  database system is ready to accept connections
postgres-1  |  done
postgres-1  | server started
postgres-1  | CREATE DATABASE
postgres-1  | 
postgres-1  | 
postgres-1  | /usr/local/bin/docker-entrypoint.sh: running /docker-entrypoint-initdb.d/001-schema.sql
postgres-1  | CREATE ROLE
postgres-1  | CREATE TABLE
postgres-1  | CREATE TABLE
postgres-1  | CREATE TABLE
postgres-1  | INSERT 0 1
postgres-1  | GRANT
postgres-1  | GRANT
postgres-1  | GRANT
postgres-1  | GRANT
postgres-1  | CREATE PUBLICATION
postgres-1  | 
postgres-1  | 
postgres-1  | waiting for server to shut down....2026-09-28 21:47:07.708 UTC [43] LOG:  received fast shutdown request
postgres-1  | 2026-09-28 21:47:07.709 UTC [43] LOG:  aborting any active transactions
postgres-1  | 2026-09-28 21:47:07.716 UTC [43] LOG:  background worker "logical replication launcher" (PID 49) exited with exit code 1
postgres-1  | 2026-09-28 21:47:07.720 UTC [44] LOG:  shutting down
postgres-1  | 2026-09-28 21:47:07.720 UTC [44] LOG:  checkpoint starting: shutdown immediate
postgres-1  | 2026-09-28 21:47:07.768 UTC [44] LOG:  checkpoint complete: wrote 955 buffers (23.3%); 0 WAL file(s) added, 0 removed, 0 recycled; write=0.046 s, sync=0.002 s, total=0.049 s; sync files=318, longest=0.001 s, average=0.001 s; distance=4341 kB, estimate=4341 kB; lsn=0/1931398, redo lsn=0/1931398
postgres-1  | 2026-09-28 21:47:07.786 UTC [43] LOG:  database system is shut down
postgres-1  |  done
postgres-1  | server stopped
postgres-1  | 
postgres-1  | PostgreSQL init process complete; ready for start up.
postgres-1  | 
postgres-1  | 2026-09-28 21:47:07.865 UTC [1] LOG:  starting PostgreSQL 17.11 on x86_64-pc-linux-musl, compiled by gcc (Alpine 15.2.0) 15.2.0, 64-bit
postgres-1  | 2026-09-28 21:47:07.865 UTC [1] LOG:  listening on IPv4 address "0.0.0.0", port 5432
postgres-1  | 2026-09-28 21:47:07.866 UTC [1] LOG:  listening on IPv6 address "::", port 5432
postgres-1  | 2026-09-28 21:47:07.875 UTC [1] LOG:  listening on Unix socket "/var/run/postgresql/.s.PGSQL.5432"
postgres-1  | 2026-09-28 21:47:07.888 UTC [67] LOG:  database system was shut down at 2026-09-28 21:47:07 UTC
postgres-1  | 2026-09-28 21:47:07.897 UTC [68] FATAL:  the database system is starting up
postgres-1  | 2026-09-28 21:47:07.908 UTC [1] LOG:  database system is ready to accept connections
postgres-1  | 2026-09-28 21:47:24.862 UTC [140] LOG:  logical decoding found consistent point at 0/1931448
postgres-1  | 2026-09-28 21:47:24.862 UTC [140] DETAIL:  There are no running transactions.
postgres-1  | 2026-09-28 21:47:24.862 UTC [140] STATEMENT:  CREATE_REPLICATION_SLOT "cdc_crashtest_slot"  LOGICAL pgoutput 
postgres-1  | 2026-09-28 21:47:24.862 UTC [140] LOG:  exported logical decoding snapshot: "00000071-00000004-1" with 0 transaction IDs
postgres-1  | 2026-09-28 21:47:24.862 UTC [140] STATEMENT:  CREATE_REPLICATION_SLOT "cdc_crashtest_slot"  LOGICAL pgoutput 
postgres-1  | 2026-09-28 21:47:25.734 UTC [140] LOG:  starting logical decoding for slot "cdc_crashtest_slot"
postgres-1  | 2026-09-28 21:47:25.734 UTC [140] DETAIL:  Streaming transactions committing after 0/1931480, reading WAL from 0/1931448.
postgres-1  | 2026-09-28 21:47:25.734 UTC [140] STATEMENT:  START_REPLICATION SLOT "cdc_crashtest_slot" LOGICAL 0/1931480 ("proto_version" '1', "publication_names" 'cdc_publication', "messages" 'true')
postgres-1  | 2026-09-28 21:47:25.734 UTC [140] LOG:  logical decoding found consistent point at 0/1931448
postgres-1  | 2026-09-28 21:47:25.734 UTC [140] DETAIL:  There are no running transactions.
postgres-1  | 2026-09-28 21:47:25.734 UTC [140] STATEMENT:  START_REPLICATION SLOT "cdc_crashtest_slot" LOGICAL 0/1931480 ("proto_version" '1', "publication_names" 'cdc_publication', "messages" 'true')
postgres-1  | 2026-09-28 21:47:37.710 UTC [65] LOG:  checkpoint starting: time
postgres-1  | 2026-09-28 21:47:39.521 UTC [65] LOG:  checkpoint complete: wrote 21 buffers (0.5%); 0 WAL file(s) added, 0 removed, 0 recycled; write=1.810 s, sync=0.001 s, total=1.812 s; sync files=27, longest=0.001 s, average=0.001 s; distance=8796 kB, estimate=8796 kB; lsn=0/2722C08, redo lsn=0/21C85E0
postgres-1  | 2026-09-28 21:48:07.842 UTC [65] LOG:  checkpoint starting: time
postgres-1  | 2026-09-28 21:48:12.669 UTC [65] LOG:  checkpoint complete: wrote 50 buffers (1.2%); 0 WAL file(s) added, 0 removed, 0 recycled; write=4.827 s, sync=0.001 s, total=4.828 s; sync files=30, longest=0.001 s, average=0.001 s; distance=26640 kB, estimate=26640 kB; lsn=0/3BCC9A0, redo lsn=0/3BCC910
postgres-1  | 2026-09-28 21:48:37.179 UTC [65] LOG:  checkpoint starting: time
postgres-1  | 2026-09-28 21:48:37.886 UTC [65] LOG:  checkpoint complete: wrote 8 buffers (0.2%); 0 WAL file(s) added, 0 removed, 1 recycled; write=0.706 s, sync=0.001 s, total=0.708 s; sync files=20, longest=0.001 s, average=0.001 s; distance=17574 kB, estimate=25734 kB; lsn=0/53627D8, redo lsn=0/4CF6230
postgres-1  | 2026-09-28 21:49:00.179 UTC [65] LOG:  checkpoints are occurring too frequently (23 seconds apart)
postgres-1  | 2026-09-28 21:49:00.179 UTC [65] HINT:  Consider increasing the configuration parameter "max_wal_size".
postgres-1  | 2026-09-28 21:49:00.179 UTC [65] LOG:  checkpoint starting: wal
postgres-1  | 2026-09-28 21:49:27.025 UTC [65] LOG:  checkpoint complete: wrote 65 buffers (1.6%); 0 WAL file(s) added, 0 removed, 0 recycled; write=26.845 s, sync=0.001 s, total=26.846 s; sync files=32, longest=0.001 s, average=0.001 s; distance=20261 kB, estimate=25186 kB; lsn=0/77E0390, redo lsn=0/60BF810
postgres-1  | 2026-09-28 21:49:30.866 UTC [65] LOG:  checkpoint starting: time
postgres-1  | 2026-09-28 21:49:31.770 UTC [65] LOG:  checkpoint complete: wrote 10 buffers (0.2%); 0 WAL file(s) added, 0 removed, 2 recycled; write=0.903 s, sync=0.001 s, total=0.905 s; sync files=8, longest=0.001 s, average=0.001 s; distance=23684 kB, estimate=25036 kB; lsn=0/77E0980, redo lsn=0/77E0928
postgres-1  | 2026-09-28 21:49:59.621 UTC [65] LOG:  checkpoints are occurring too frequently (29 seconds apart)
postgres-1  | 2026-09-28 21:49:59.621 UTC [65] HINT:  Consider increasing the configuration parameter "max_wal_size".
postgres-1  | 2026-09-28 21:49:59.621 UTC [65] LOG:  checkpoint starting: wal
postgres-1  | 2026-09-28 21:50:26.077 UTC [65] LOG:  checkpoint complete: wrote 40 buffers (1.0%); 0 WAL file(s) added, 0 removed, 0 recycled; write=26.455 s, sync=0.001 s, total=26.456 s; sync files=36, longest=0.001 s, average=0.001 s; distance=25800 kB, estimate=25800 kB; lsn=0/A2F1060, redo lsn=0/9112D10
postgres-1  | 2026-09-28 21:50:29.879 UTC [65] LOG:  checkpoint starting: time
postgres-1  | 2026-09-28 21:50:30.885 UTC [65] LOG:  checkpoint complete: wrote 11 buffers (0.3%); 0 WAL file(s) added, 0 removed, 3 recycled; write=1.005 s, sync=0.001 s, total=1.006 s; sync files=8, longest=0.001 s, average=0.001 s; distance=18297 kB, estimate=25050 kB; lsn=0/A2F1368, redo lsn=0/A2F1310
postgres-1  | 2026-09-28 21:50:59.072 UTC [65] LOG:  checkpoint starting: time
postgres-1  | 2026-09-28 21:51:26.188 UTC [65] LOG:  checkpoint complete: wrote 32 buffers (0.8%); 0 WAL file(s) added, 0 removed, 0 recycled; write=27.116 s, sync=0.001 s, total=27.117 s; sync files=31, longest=0.001 s, average=0.001 s; distance=24168 kB, estimate=24962 kB; lsn=0/CDDBD90, redo lsn=0/BA8B370
postgres-1  | 2026-09-28 21:51:29.195 UTC [65] LOG:  checkpoint starting: time
postgres-1  | 2026-09-28 21:51:30.940 UTC [65] LOG:  checkpoint complete: wrote 18 buffers (0.4%); 0 WAL file(s) added, 0 removed, 0 recycled; write=1.745 s, sync=0.001 s, total=1.746 s; sync files=11, longest=0.001 s, average=0.001 s; distance=19829 kB, estimate=24449 kB; lsn=0/CDFA1D8, redo lsn=0/CDE8B40
postgres-1  | 2026-09-28 21:51:56.780 UTC [65] LOG:  checkpoints are occurring too frequently (27 seconds apart)
postgres-1  | 2026-09-28 21:51:56.780 UTC [65] HINT:  Consider increasing the configuration parameter "max_wal_size".
postgres-1  | 2026-09-28 21:51:56.807 UTC [65] LOG:  checkpoint starting: wal
postgres-1  | 2026-09-28 21:52:17.370 UTC [65] LOG:  checkpoint complete: wrote 52 buffers (1.3%); 0 WAL file(s) added, 3 removed, 2 recycled; write=20.555 s, sync=0.001 s, total=20.591 s; sync files=28, longest=0.001 s, average=0.001 s; distance=19567 kB, estimate=23960 kB; lsn=0/F053018, redo lsn=0/E104838
postgres-1  | 2026-09-28 21:52:26.105 UTC [65] LOG:  checkpoint starting: time
postgres-1  | 2026-09-28 21:52:26.818 UTC [65] LOG:  checkpoint complete: wrote 8 buffers (0.2%); 0 WAL file(s) added, 0 removed, 0 recycled; write=0.713 s, sync=0.001 s, total=0.714 s; sync files=15, longest=0.001 s, average=0.001 s; distance=24447 kB, estimate=24447 kB; lsn=0/F8E45B8, redo lsn=0/F8E4560
postgres-1  | 2026-09-28 21:52:55.570 UTC [65] LOG:  checkpoints are occurring too frequently (29 seconds apart)
postgres-1  | 2026-09-28 21:52:55.570 UTC [65] HINT:  Consider increasing the configuration parameter "max_wal_size".
postgres-1  | 2026-09-28 21:52:55.571 UTC [65] LOG:  checkpoint starting: wal
